// Jest Snapshot v1, https://goo.gl/fbAQLP

exports[`<Typography /> should render the heading 1`] = `
<h1
  class="css-0"
>
  Typography H1
</h1>
`

exports[`<Typography /> should render the heading 2 1`] = `
<h2
  class="css-0"
>
  Typography H2
</h2>
`

exports[`<Typography /> should render the heading 3 1`] = `
<h3
  class="css-0"
>
  Typography H3
</h3>
`

exports[`<Typography /> should render the paragraph 1`] = `
<p
  class="css-0"
>
  Typography p
</p>
`
