// Jest Snapshot v1, https://goo.gl/fbAQLP

exports[`<NavBar /> should render the heading 1`] = `
<div
  class="css-1s162ov"
>
  <div
    class="css-7zkc34"
  >
    <div
      class="css-89ps4g"
    >
      <div
        class="css-t2lkvl"
      >
        <p
          class="css-1m4s1rb"
        >
          DA
        </p>
      </div>
      <div
        class="css-1s9w40j"
      >
        <h1
          class="css-a8r7il"
        >
          Dheyson Alves
        </h1>
        <h2
          class="css-1xrsu0h"
        >
          Testing
        </h2>
      </div>
    </div>
  </div>
  <div
    class="css-glkuc8"
  >
    <img
      alt="logo"
      height="32"
      src="/img/brand.svg"
      width="32"
    />
  </div>
  <div
    class="css-glkuc8"
  >
    <img
      alt="logo"
      height="32"
      src="/img/brand.svg"
      width="32"
    />
  </div>
  <div
    class="css-7zkc34"
  >
    <div
      class="css-89ps4g"
    >
      <div
        class="css-t2lkvl"
      >
        <p
          class="css-1m4s1rb"
        >
          DA
        </p>
      </div>
      <div
        class="css-1s9w40j"
      >
        <h1
          class="css-a8r7il"
        >
          Dheyson Alves
        </h1>
        <h2
          class="css-1xrsu0h"
        >
          Testing
        </h2>
      </div>
    </div>
  </div>
</div>
`
