// Jest Snapshot v1, https://goo.gl/fbAQLP

exports[`<Main /> should render the heading 1`] = `
<main
  class="css-9fu218"
>
  <img
    alt="Imagem de um átomo e React Avançado escrito ao lado"
    class="css-7dqviz"
    src="/img/logo.svg"
  />
  <h1
    class="css-90o7z8"
  >
    react avancado
  </h1>
  <p
    class="css-1nz9k0s"
  >
    Typescript, NextJS and Styled Components
  </p>
  <img
    alt="Um desenvolvedor de frente para uma tela com código"
    class="css-1986qtn"
    src="/img/hero-illustration.svg"
  />
</main>
`
